2026-01-22 07:52:22,481 | INFO | pipeline | ETL pipeline started
2026-01-22 07:54:38,599 | INFO | pipeline | ETL pipeline started
2026-01-22 07:54:38,877 | INFO | ingest.fetch_rates | Fetched FX rates
2026-01-22 07:54:38,879 | INFO | transform.clean_rates | Normalizing FX rates
2026-01-22 07:54:38,882 | INFO | transform.clean_rates | Transformation complete
2026-01-22 07:54:38,886 | INFO | load.load_postgres | Loading FX rates into PostgreSQL
2026-01-22 07:54:39,067 | INFO | load.load_postgres | Load completed successfully
2026-01-22 07:54:39,068 | INFO | pipeline | ETL pipeline finished successfully
2026-01-22 07:55:13,241 | INFO | pipeline | ETL pipeline started
2026-01-22 07:55:13,516 | INFO | ingest.fetch_rates | Fetched FX rates
2026-01-22 07:55:13,519 | INFO | transform.clean_rates | Normalizing FX rates
2026-01-22 07:55:13,522 | INFO | transform.clean_rates | Transformation complete
2026-01-22 07:55:13,525 | INFO | load.load_postgres | Loading FX rates into PostgreSQL
2026-01-22 07:55:13,701 | INFO | load.load_postgres | Load completed successfully
2026-01-22 07:55:13,702 | INFO | pipeline | ETL pipeline finished successfully
2026-01-24 09:04:47,764 | INFO | pipeline | ETL pipeline started
2026-01-24 09:04:48,269 | INFO | ingest.fetch_rates | Fetched FX rates
2026-01-24 09:04:48,271 | INFO | transform.clean_rates | Normalizing FX rates
2026-01-24 09:04:48,274 | INFO | transform.clean_rates | Transformation complete
2026-01-24 09:04:48,277 | INFO | load.load_postgres | Loading FX rates into PostgreSQL
2026-01-24 09:04:48,508 | INFO | load.load_postgres | Load completed successfully
2026-01-24 09:04:48,509 | INFO | pipeline | ETL pipeline finished successfully
2026-01-24 09:05:54,080 | INFO | pipeline | ETL pipeline started
2026-01-24 09:05:54,369 | INFO | ingest.fetch_rates | Fetched FX rates
2026-01-24 09:05:54,371 | INFO | transform.clean_rates | Normalizing FX rates
2026-01-24 09:05:54,374 | INFO | transform.clean_rates | Transformation complete
2026-01-24 09:05:54,377 | INFO | load.load_postgres | Loading FX rates into PostgreSQL
2026-01-24 09:05:54,585 | INFO | load.load_postgres | Load completed successfully
2026-01-24 09:05:54,586 | INFO | pipeline | ETL pipeline finished successfully
2026-01-24 09:06:22,985 | INFO | pipeline | ETL pipeline started
2026-01-24 09:06:23,322 | INFO | ingest.fetch_rates | Fetched FX rates
2026-01-24 09:06:23,325 | INFO | transform.clean_rates | Normalizing FX rates
2026-01-24 09:06:23,328 | INFO | transform.clean_rates | Transformation complete
2026-01-24 09:06:23,331 | INFO | load.load_postgres | Loading FX rates into PostgreSQL
2026-01-24 09:06:23,610 | INFO | load.load_postgres | Load completed successfully
2026-01-24 09:06:23,611 | INFO | pipeline | ETL pipeline finished successfully
2026-01-24 09:30:38,652 | INFO | pipeline | ETL pipeline started
2026-01-24 09:31:01,027 | INFO | pipeline | ETL pipeline started
2026-01-24 09:31:01,323 | INFO | ingest.fetch_rates | Fetched FX rates | base=EUR | count=29
2026-01-24 09:31:01,326 | INFO | transform.clean_rates | Normalizing FX rates
2026-01-24 09:31:01,329 | INFO | transform.clean_rates | Transformation complete
2026-01-24 09:31:01,332 | INFO | load.load_postgres | Loading FX rates into PostgreSQL
2026-01-24 09:31:01,517 | INFO | load.load_postgres | Load completed successfully
2026-01-24 09:31:01,519 | INFO | pipeline | ETL pipeline finished successfully
2026-01-24 13:13:53,917 | INFO | pipeline | ETL pipeline started
2026-01-24 13:13:54,349 | INFO | ingest.fetch_rates | Fetched FX rates | base=EUR | count=29
2026-01-24 13:13:54,352 | INFO | transform.clean_rates | Normalizing FX rates
2026-01-24 13:13:54,356 | INFO | transform.clean_rates | Transformation complete
2026-01-24 13:13:54,359 | INFO | load.load_postgres | Loading FX rates into PostgreSQL
2026-01-24 13:13:54,563 | INFO | load.load_postgres | Load completed successfully
2026-01-24 13:13:54,564 | INFO | pipeline | ETL pipeline finished successfully
2026-01-24 13:14:21,356 | INFO | pipeline | ETL pipeline started
2026-01-24 13:14:21,636 | INFO | ingest.fetch_rates | Fetched FX rates | base=EUR | count=29
2026-01-24 13:14:21,639 | INFO | transform.clean_rates | Normalizing FX rates
2026-01-24 13:14:21,642 | INFO | transform.clean_rates | Transformation complete
2026-01-24 13:14:21,646 | INFO | load.load_postgres | Loading FX rates into PostgreSQL
2026-01-24 13:14:21,930 | INFO | load.load_postgres | Load completed successfully
2026-01-24 13:14:21,931 | INFO | pipeline | ETL pipeline finished successfully
2026-01-24 13:14:47,168 | INFO | pipeline | ETL pipeline started
2026-01-24 13:14:47,557 | INFO | ingest.fetch_rates | Fetched FX rates | base=EUR | count=29
2026-01-24 13:14:47,560 | INFO | transform.clean_rates | Normalizing FX rates
2026-01-24 13:14:47,563 | INFO | transform.clean_rates | Transformation complete
2026-01-24 13:14:47,566 | INFO | load.load_postgres | Loading FX rates into PostgreSQL
2026-01-24 13:14:47,768 | INFO | load.load_postgres | Load completed successfully
2026-01-24 13:14:47,769 | INFO | pipeline | ETL pipeline finished successfully
2026-01-24 13:32:52,784 | INFO | pipeline | ETL pipeline started
2026-01-24 13:32:53,548 | INFO | ingest.fetch_rates | Fetched FX rates | base=EUR | count=29
2026-01-24 13:32:53,551 | ERROR | pipeline | FX ETL pipeline failed
Traceback (most recent call last):
  File "/home/sherif/data-engineering-projects/FX ETL Pipeline (Python + PostgreSQL)/main.py", line 20, in run_pipeline
    df = normalize_rates(raw_data)
         ^^^^^^^^^^^^^^^^^^^^^^^^^
  File "/home/sherif/data-engineering-projects/FX ETL Pipeline (Python + PostgreSQL)/transform/clean_rates.py", line 11, in normalize_rates
    logger.info("Normalizing FX rates", extra={"rows": len(df)})
                                                           ^^
UnboundLocalError: cannot access local variable 'df' where it is not associated with a value
2026-01-24 13:37:05,186 | INFO | pipeline | ETL pipeline started
2026-01-24 13:37:05,478 | INFO | ingest.fetch_rates | Fetched FX rates | base=EUR | count=29
2026-01-24 13:37:05,480 | INFO | transform.clean_rates | Normalizing FX rates started.
2026-01-24 13:37:05,483 | INFO | transform.clean_rates | Transformation complete
2026-01-24 13:37:05,489 | INFO | load.load_postgres | Loading FX rates into PostgreSQL
2026-01-24 13:37:05,756 | INFO | load.load_postgres | Load completed successfully
2026-01-24 13:37:05,757 | INFO | pipeline | FX ETL pipeline finished
2026-01-24 13:38:18,456 | INFO | pipeline | ETL pipeline started
2026-01-24 13:38:18,809 | INFO | ingest.fetch_rates | Fetched FX rates | base=EUR | count=29
2026-01-24 13:38:18,812 | INFO | transform.clean_rates | Normalizing FX rates started.
2026-01-24 13:38:18,815 | INFO | transform.clean_rates | Transformation complete
2026-01-24 13:38:18,818 | INFO | load.load_postgres | Loading FX rates into PostgreSQL
2026-01-24 13:38:19,031 | INFO | load.load_postgres | Load completed successfully
2026-01-24 13:38:19,032 | INFO | pipeline | FX ETL pipeline finished
2026-01-24 13:40:51,572 | INFO | pipeline | ETL pipeline started
2026-01-24 13:40:52,057 | INFO | ingest.fetch_rates | Fetched FX rates | base=EUR | count=29
2026-01-24 13:40:52,060 | INFO | transform.clean_rates | Normalizing FX rates started.
2026-01-24 13:40:52,063 | INFO | transform.clean_rates | Transformation complete
2026-01-24 13:40:52,066 | INFO | load.load_postgres | Loading FX rates into PostgreSQL
2026-01-24 13:40:52,266 | INFO | load.load_postgres | Load completed successfully
2026-01-24 13:40:52,267 | INFO | pipeline | FX ETL pipeline finished
2026-01-24 13:56:18,739 | INFO | pipeline | ETL pipeline started
2026-01-24 13:56:19,129 | INFO | ingest.fetch_rates | Fetched FX rates | base=EUR | count=29
2026-01-24 13:56:19,132 | INFO | transform.clean_rates | Normalizing FX rates started.
2026-01-24 13:56:19,135 | INFO | transform.clean_rates | Transformation complete
2026-01-24 13:56:19,139 | INFO | load.load_postgres | Loading FX rates into PostgreSQL
2026-01-24 13:56:19,344 | INFO | load.load_postgres | Load completed successfully
2026-01-24 13:58:10,415 | INFO | pipeline | ETL pipeline started
2026-01-24 13:58:10,749 | INFO | ingest.fetch_rates | Fetched FX rates | base=EUR | count=29
2026-01-24 13:58:10,753 | INFO | transform.clean_rates | Normalizing FX rates started.
2026-01-24 13:58:10,757 | INFO | transform.clean_rates | Transformation complete
2026-01-24 13:58:10,760 | INFO | load.load_postgres | Loading FX rates into PostgreSQL
2026-01-24 13:58:10,960 | INFO | load.load_postgres | Load completed successfully
2026-01-25 14:46:11,085 | INFO | pipeline | ETL pipeline started
2026-01-25 14:46:11,813 | INFO | ingest.fetch_rates | Fetched FX rates | base=EUR | count=29
2026-01-25 14:46:11,816 | INFO | transform.clean_rates | Normalizing FX rates started.
2026-01-25 14:46:11,820 | INFO | transform.clean_rates | Transformation complete
2026-01-25 14:46:11,825 | INFO | load.load_exchange_rates | Loading 29 rows into PostgreSQL (batch)
2026-01-25 14:46:12,093 | INFO | load.load_exchange_rates | Batch load completed | rows_loaded=29
2026-01-25 14:46:12,095 | INFO | pipeline | FX ETL pipeline finished |rows_fetched=29 | rows_loaded=29 | duration_seconds=1.01 |status=SUCCESS
2026-01-25 14:52:02,744 | INFO | pipeline | ETL pipeline started
2026-01-25 14:52:03,180 | INFO | ingest.fetch_rates | Fetched FX rates | base=EUR | count=29
2026-01-25 14:52:03,188 | INFO | transform.clean_rates | Normalizing FX rates started.
2026-01-25 14:52:03,198 | INFO | transform.clean_rates | Transformation complete
2026-01-25 14:52:03,204 | INFO | load.load_exchange_rates | Loading 29 rows into PostgreSQL (batch)
2026-01-25 14:52:03,396 | INFO | load.load_exchange_rates | Batch load completed | rows_loaded=29
2026-01-25 14:52:03,397 | INFO | pipeline | FX ETL pipeline finished |rows_fetched=29 | rows_loaded=29 | duration_seconds=0.65 |status=SUCCESS
2026-01-25 14:53:02,510 | INFO | pipeline | ETL pipeline started
2026-01-25 14:53:02,813 | INFO | ingest.fetch_rates | Fetched FX rates | base=EUR | count=29
2026-01-25 14:53:02,815 | INFO | transform.clean_rates | Normalizing FX rates started.
2026-01-25 14:53:02,818 | INFO | transform.clean_rates | Transformation complete
2026-01-25 14:53:02,821 | INFO | load.load_exchange_rates | Loading 29 rows into PostgreSQL (batch)
2026-01-25 14:53:03,006 | INFO | load.load_exchange_rates | Batch load completed | rows_loaded=29
2026-01-25 14:53:03,007 | INFO | pipeline | FX ETL pipeline finished |rows_fetched=29 | rows_loaded=29 | duration_seconds=0.5 |status=SUCCESS
2026-01-25 14:54:02,244 | INFO | pipeline | ETL pipeline started
2026-01-25 14:54:02,580 | INFO | ingest.fetch_rates | Fetched FX rates | base=EUR | count=29
2026-01-25 14:54:02,583 | INFO | transform.clean_rates | Normalizing FX rates started.
2026-01-25 14:54:02,586 | INFO | transform.clean_rates | Transformation complete
2026-01-25 14:54:02,588 | INFO | load.load_exchange_rates | Loading 29 rows into PostgreSQL (batch)
2026-01-25 14:54:02,779 | INFO | load.load_exchange_rates | Batch load completed | rows_loaded=29
2026-01-25 14:54:02,780 | INFO | pipeline | FX ETL pipeline finished |rows_fetched=29 | rows_loaded=29 | duration_seconds=0.54 |status=SUCCESS
2026-01-25 14:55:02,945 | INFO | pipeline | ETL pipeline started
2026-01-25 14:55:03,275 | INFO | ingest.fetch_rates | Fetched FX rates | base=EUR | count=29
2026-01-25 14:55:03,279 | INFO | transform.clean_rates | Normalizing FX rates started.
2026-01-25 14:55:03,282 | INFO | transform.clean_rates | Transformation complete
2026-01-25 14:55:03,285 | INFO | load.load_exchange_rates | Loading 29 rows into PostgreSQL (batch)
2026-01-25 14:55:03,479 | INFO | load.load_exchange_rates | Batch load completed | rows_loaded=29
2026-01-25 14:55:03,479 | INFO | pipeline | FX ETL pipeline finished |rows_fetched=29 | rows_loaded=29 | duration_seconds=0.53 |status=SUCCESS
